using global::System.Linq;
namespace Dolly;
partial class SimpleClass : global::Dolly.IClonable<SimpleClass>
{
    object global::System.ICloneable.Clone() => this.DeepClone();
    public virtual global::Dolly.SimpleClass DeepClone() =>
        new ()
        {
            First = First,
            Second = Second
        };

    public virtual global::Dolly.SimpleClass ShallowClone() =>
        new ()
        {
            First = First,
            Second = Second
        };
}

using global::System.Linq;
namespace Dolly;
partial struct SimpleStruct : global::Dolly.IClonable<SimpleStruct>
{
    object global::System.ICloneable.Clone() => this.DeepClone();
    public global::Dolly.SimpleStruct DeepClone() =>
        new ()
        {
            First = First,
            Second = Second
        };

    public global::Dolly.SimpleStruct ShallowClone() =>
        new ()
        {
            First = First,
            Second = Second
        };
}

using global::System.Linq;
namespace Dolly;
partial class ComplexClass : global::Dolly.IClonable<ComplexClass>
{
    object global::System.ICloneable.Clone() => this.DeepClone();
    public virtual global::Dolly.ComplexClass DeepClone() =>
        new ()
        {
            ReferenceTypeNotNull = ReferenceTypeNotNull.DeepClone(),
            ReferenceTypeNull = ReferenceTypeNull?.DeepClone(),
            StringReferenceTypeNotNull = StringReferenceTypeNotNull,
            StringReferenceTypeNull = StringReferenceTypeNull,
            ValueTypeNotNull = ValueTypeNotNull.DeepClone(),
            ValueTypeNull = ValueTypeNull?.DeepClone(),
            IntValueTypeNotNull = IntValueTypeNotNull,
            IntValueTypeNull = IntValueTypeNull
        };

    public virtual global::Dolly.ComplexClass ShallowClone() =>
        new ()
        {
            ReferenceTypeNotNull = ReferenceTypeNotNull,
            ReferenceTypeNull = ReferenceTypeNull,
            StringReferenceTypeNotNull = StringReferenceTypeNotNull,
            StringReferenceTypeNull = StringReferenceTypeNull,
            ValueTypeNotNull = ValueTypeNotNull,
            ValueTypeNull = ValueTypeNull,
            IntValueTypeNotNull = IntValueTypeNotNull,
            IntValueTypeNull = IntValueTypeNull
        };
}
